Vivado Simulator v2026.1
Copyright 1986-2022 Xilinx, Inc. All Rights Reserved.
Copyright 2022-2026 Advanced Micro Devices, Inc. All Rights Reserved.
Running: D:/AMDDesignTools/2026.1/Vivado/bin/unwrapped/win64.o/xelab.exe --incr --debug typical --relax --mt 2 -L xil_defaultlib -L unisims_ver -L unimacro_ver -L secureip --snapshot ring_oscillator_tb_behav xil_defaultlib.ring_oscillator_tb xil_defaultlib.glbl -log elaborate.log 
INFO: [XSIM 43-3493] Using 2 slave threads.
Starting static elaboration
Pass Through NonSizing Optimizer
Completed static elaboration
Starting simulation data flow analysis
Completed simulation data flow analysis
Time Resolution for simulation is 1ps
Compiling package std.standard
Compiling package std.textio
Compiling package ieee.std_logic_1164
Compiling package ieee.numeric_std
Compiling package unisim.vcomponents
Compiling module xil_defaultlib.glbl
Compiling architecture delayed_sim of entity xil_defaultlib.ring_oscillator [ring_oscillator_default]
Compiling architecture sim of entity xil_defaultlib.ring_oscillator_tb
Built simulation snapshot ring_oscillator_tb_behav
